// Jest Snapshot v1, https://goo.gl/fbAQLP

exports[`MeasurementTableFilter.vue snapshot should match snapshot 1`] = `
<div
  class="v-card v-card--flat v-sheet theme--light rounded-0 tertiary"
>
  <div
    class="v-card__actions"
  >
    <div
      class="container container--fluid"
    >
      <div
        class="row no-gutters"
      >
        <div
          class="col-sm-12 col-md-12 col-lg-6 col-xl-4 col-12"
        >
          <div
            class="v-input mr-2 my-1 v-input--hide-details v-input--dense theme--light v-text-field v-text-field--enclosed v-text-field--outlined v-select v-autocomplete"
          >
            <div
              class="v-input__control"
            >
              <div
                aria-expanded="false"
                aria-haspopup="listbox"
                aria-owns="list-11"
                class="v-input__slot"
                role="combobox"
              >
                <div
                  class="v-input__prepend-inner"
                >
                  <div
                    class="v-input__icon v-input__icon--prepend-inner"
                  >
                    <i
                      aria-hidden="true"
                      class="v-icon notranslate mdi mdi-filter theme--light"
                    />
                  </div>
                </div>
                <fieldset
                  aria-hidden="true"
                >
                  <legend
                    style="width: 0px;"
                  >
                    <span>
                      ​
                    </span>
                  </legend>
                </fieldset>
                <div
                  class="v-select__slot"
                >
                  <label
                    class="v-label theme--light"
                    for="input-11"
                    style="left: 0px; position: absolute;"
                  >
                    Land
                  </label>
                  <input
                    autocomplete="off"
                    id="input-11"
                    type="text"
                  />
                  <div
                    class="v-input__append-inner"
                  >
                    <div
                      class="v-input__icon v-input__icon--clear"
                    >
                      <button
                        aria-label="clear icon"
                        class="v-icon notranslate v-icon--disabled v-icon--link mdi mdi-close theme--light"
                        disabled="disabled"
                        type="button"
                      />
                    </div>
                  </div>
                  <div
                    class="v-input__append-inner"
                  >
                    <div
                      class="v-input__icon v-input__icon--append"
                    >
                      <i
                        aria-hidden="true"
                        class="v-icon notranslate mdi mdi-menu-down theme--light"
                      />
                    </div>
                  </div>
                  <input
                    type="hidden"
                  />
                </div>
                <div
                  class="v-menu"
                >
                  <!---->
                </div>
              </div>
            </div>
          </div>
        </div>
         
        <div
          class="col-sm-12 col-md-12 col-lg-6 col-xl-4 col-12"
        >
          <div
            class="v-input mr-2 my-1 v-input--hide-details v-input--is-disabled v-input--dense theme--light v-text-field v-text-field--enclosed v-text-field--outlined v-select v-autocomplete"
          >
            <div
              class="v-input__control"
            >
              <div
                aria-expanded="false"
                aria-haspopup="listbox"
                aria-owns="list-16"
                class="v-input__slot"
                role="combobox"
              >
                <div
                  class="v-input__prepend-inner"
                >
                  <div
                    class="v-input__icon v-input__icon--prepend-inner"
                  >
                    <i
                      aria-hidden="true"
                      class="v-icon notranslate v-icon--disabled mdi mdi-filter theme--light"
                    />
                  </div>
                </div>
                <fieldset
                  aria-hidden="true"
                >
                  <legend
                    style="width: 0px;"
                  >
                    <span>
                      ​
                    </span>
                  </legend>
                </fieldset>
                <div
                  class="v-select__slot"
                >
                  <label
                    class="v-label v-label--is-disabled theme--light"
                    for="input-16"
                    style="left: 0px; position: absolute;"
                  >
                    Stadt
                  </label>
                  <input
                    autocomplete="off"
                    disabled="disabled"
                    id="input-16"
                    type="text"
                  />
                  <div
                    class="v-input__append-inner"
                  >
                    <div
                      class="v-input__icon v-input__icon--clear"
                    >
                      <button
                        aria-label="clear icon"
                        class="v-icon notranslate v-icon--disabled v-icon--link mdi mdi-close theme--light"
                        disabled="disabled"
                        type="button"
                      />
                    </div>
                  </div>
                  <div
                    class="v-input__append-inner"
                  >
                    <div
                      class="v-input__icon v-input__icon--append"
                    >
                      <i
                        aria-hidden="true"
                        class="v-icon notranslate v-icon--disabled mdi mdi-menu-down theme--light"
                      />
                    </div>
                  </div>
                  <input
                    type="hidden"
                  />
                </div>
                <div
                  class="v-menu"
                >
                  <!---->
                </div>
              </div>
            </div>
          </div>
        </div>
      </div>
    </div>
  </div>
</div>
`;
